Microchip MPLAB XC8 Compiler V1.45 ()

Linker command line:

-W-3 --edf=C:\Program Files (x86)\Microchip\xc8\v1.45\dat\en_msgs.txt -cs \
  -h+dist/default/production\EUSART.production.sym \
  --cmf=dist/default/production\EUSART.production.cmf -z -Q18F13K50 \
  -oC:\Users\darka\AppData\Local\Temp\saks.2 \
  -Mdist/default/production/EUSART.production.map -E1 -ver=XC8 \
  -ASTACK=0200h-02ffh -pstack=STACK -ACODE=00h-01FFFh -ACONST=00h-01FFFh \
  -ASMALLCONST=0300h-03FFhx29 -AMEDIUMCONST=0300h-01FFFh -ACOMRAM=01h-05Fh \
  -AABS1=00h-0FFh,0200h-02FFh -ABIGRAM=01h-0FFh,0200h-02FFh \
  -ARAM=060h-0FFh,0200h-02FFh -ABANK0=060h-0FFh -ABANK2=0200h-02FFh \
  -ASFR=0F53h-0F5Fh,0F60h-0FFFh \
  -preset_vec=00h,intcode=08h,intcodelo,powerup,init -pramtop=0300h \
  -psmallconst=SMALLCONST -pmediumconst=MEDIUMCONST -pconst=CONST \
  -AFARRAM=00h-00h -ACONFIG=0300000h-030000Dh -pconfig=CONFIG \
  -AIDLOC=0200000h-0200007h -pidloc=IDLOC -AEEDATA=0F00000h-0F000FFh \
  -peeprom_data=EEDATA \
  -prdata=COMRAM,nvrram=COMRAM,nvbit=COMRAM,rbss=COMRAM,rbit=COMRAM \
  -pfarbss=FARRAM,fardata=FARRAM,nvFARRAM=FARRAM \
  -pintsave_regs=BIGRAM,bigbss=BIGRAM,bigdata=BIGRAM -pbss=RAM \
  -pidata=CODE,irdata=CODE,ibigdata=CODE,ifardata=CODE -prparam=COMRAM \
  C:\Users\darka\AppData\Local\Temp\saks.obj \
  dist/default/production\EUSART.production.obj 

Object code version is 3.11

Machine type is 18F13K50

Call graph: (short form)




                Name                               Link     Load   Length Selector   Space Scale
C:\Users\darka\AppData\Local\Temp\saks.obj
                init                                 CA       CA        4        4       0
                reset_vec                             0        0        4        0       0
                idloc                            200000   200000        8   200000       0
                config                           300000   300000        E   300000       0
dist/default/production\EUSART.production.obj
                intcode                               8        8       C2        4       0
                temp                                 4D       4D        1        1       1
                smallconst                          300      300       3E      180       0
                text20                              9E8      9E8        4      19F       0
                text19                              934      934       2C      19F       0
                text18                              906      906       2E      19F       0
                text16                              89A      89A       38      19F       0
                text15                              9E4      9E4        4      19F       0
                text14                              9A2      9A2       18      19F       0
                text13                              8D2      8D2       34      19F       0
                text12                              9CC      9CC        E      19F       0
                text11                              960      960       28      19F       0
                text10                              9BA      9BA       12      19F       0
                text9                               648      648       AE      19F       0
                text8                               862      862       38      19F       0
                text7                               554      554       F4      19F       0
                text6                               45C      45C       F8      19F       0
                text5                               794      794       52      19F       0
                text4                               7E6      7E6       42      19F       0
                text3                               828      828       3A      19F       0
                text2                               9DA      9DA        A      19F       0
                text1                               33E      33E      11E      19F       0
                text0                               6F6      6F6       9E      19F       0
                cstackCOMRAM                          1        1       36        1       1
                cstackBANK0                          60       60        C       60       1
                bssCOMRAM                            37       37       16        1       1
                cinit                               988      988       1A      19F       0

TOTAL           Name                               Link     Load   Length     Space
        CLASS   STACK          

        CLASS   CODE           
                intcode                               8        8       C2         0
                init                                 CA       CA        4         0
                reset_vec                             0        0        4         0
                text20                              9E8      9E8        4         0
                text19                              934      934       2C         0
                text18                              906      906       2E         0
                text16                              89A      89A       38         0
                text15                              9E4      9E4        4         0
                text14                              9A2      9A2       18         0
                text13                              8D2      8D2       34         0
                text12                              9CC      9CC        E         0
                text11                              960      960       28         0
                text10                              9BA      9BA       12         0
                text9                               648      648       AE         0
                text8                               862      862       38         0
                text7                               554      554       F4         0
                text6                               45C      45C       F8         0
                text5                               794      794       52         0
                text4                               7E6      7E6       42         0
                text3                               828      828       3A         0
                text2                               9DA      9DA        A         0
                text1                               33E      33E      11E         0
                text0                               6F6      6F6       9E         0
                cinit                               988      988       1A         0

        CLASS   CONST          

        CLASS   SMALLCONST     
                smallconst                          300      300       3E         0

        CLASS   MEDIUMCONST    

        CLASS   COMRAM         
                temp                                 4D       4D        1         1
                cstackCOMRAM                          1        1       36         1
                bssCOMRAM                            37       37       16         1

        CLASS   ABS1           

        CLASS   BIGRAM         

        CLASS   RAM            

        CLASS   BANK0          
                cstackBANK0                          60       60        C         1

        CLASS   BANK2          

        CLASS   SFR            

        CLASS   FARRAM         

        CLASS   CONFIG         
                config                           300000   300000        E         0

        CLASS   IDLOC          
                idloc                            200000   200000        8         0

        CLASS   EEDATA         



SEGMENTS        Name                           Load    Length   Top    Selector   Space  Class

                reset_vec                      000000  000004  000004         0       0  CODE    
                cstackCOMRAM                   000001  00004D  00004E         1       1  COMRAM  
                intcode                        000008  0000C6  0000CE         4       0  CODE    
                cstackBANK0                    000060  00000C  00006C        60       1  BANK0   
                smallconst                     000300  00003E  00033E       180       0  SMALLCON
                text1                          00033E  0006AE  0009EC       19F       0  CODE    
                idloc                          200000  000008  200008    200000       0  IDLOC   
                config                         300000  00000E  30000E    300000       0  CONFIG  


UNUSED ADDRESS RANGES

        Name                Unused          Largest block    Delta
        BANK0            00006C-0000FF               94
        BANK2            000200-0002FF              100
        BIGRAM           00004E-00005F               12
                         00006C-0000FF               94
                         000200-0002FF              100
        CODE             000004-000007                4
                         0000CE-0002FF              232
                         0009EC-001FFF             1614
        COMRAM           00004E-00005F               12
        CONST            000004-000007                4
                         0000CE-0002FF              232
                         0009EC-001FFF             1614
        EEDATA           F00000-F000FF              100
        MEDIUMCONST      0009EC-001FFF             1614
        RAM              00006C-0000FF               94
                         000200-0002FF              100
        SFR              000F53-000FFF                D
        SMALLCONST       0009EC-001FFF              100
        STACK            000200-0002FF              100

                                  Symbol Table

?_ADC_GetConversion                  cstackCOMRAM 000013
?___awtoft                           cstackCOMRAM 00001B
?___ftmul                            cstackCOMRAM 00001F
?___ftpack                           cstackCOMRAM 000013
?___fttol                            cstackCOMRAM 00002E
?___lwdiv                            cstackCOMRAM 000013
?___lwmod                            cstackCOMRAM 00001A
?_printf                             cstackCOMRAM 00001F
ADC_GetConversion@channel            cstackCOMRAM 000017
EUSART_Write@txData                  cstackCOMRAM 000013
_ADCON0                              (abs)        000FC2
_ADCON0bits                          (abs)        000FC2
_ADCON1                              (abs)        000FC1
_ADCON2                              (abs)        000FC0
_ADC_GetConversion                   text16       00089A
_ADC_ISR                             text20       0009E8
_ADC_Initialize                      text14       0009A2
_ADC_StartConversion                 text15       0009E4
_ADRESH                              (abs)        000FC4
_ADRESL                              (abs)        000FC3
_ANSEL                               (abs)        000F7E
_ANSELH                              (abs)        000F7F
_BAUDCON                             (abs)        000FB8
_EUSART_Initialize                   text13       0008D2
_EUSART_Receive_ISR                  text19       000934
_EUSART_Transmit_ISR                 text18       000906
_EUSART_Write                        text3        000828
_INTCONbits                          (abs)        000FF2
_INTERRUPT_InterruptManager          intcode      000008
_LATA                                (abs)        000F89
_LATB                                (abs)        000F8A
_LATC                                (abs)        000F8B
_OSCCON                              (abs)        000FD3
_OSCILLATOR_Initialize               text12       0009CC
_OSCTUNE                             (abs)        000F9B
_PIE1bits                            (abs)        000F9D
_PIN_MANAGER_Initialize              text11       000960
_PIR1bits                            (abs)        000F9E
_RCREG                               (abs)        000FAE
_RCSTA                               (abs)        000FAB
_RCSTAbits                           (abs)        000FAB
_SPBRG                               (abs)        000FAF
_SPBRGH                              (abs)        000FB0
_SPLLEN                              (abs)        007CDE
_SYSTEM_Initialize                   text10       0009BA
_TRISA                               (abs)        000F92
_TRISB                               (abs)        000F93
_TRISC                               (abs)        000F94
_TXREG                               (abs)        000FAD
_TXSTA                               (abs)        000FAC
_WPUA                                (abs)        000F77
_WPUB                                (abs)        000F78
__CFG_BBSIZ$OFF                      (abs)        000000
__CFG_BOREN$SBORDIS                  (abs)        000000
__CFG_BORV$19                        (abs)        000000
__CFG_CP0$OFF                        (abs)        000000
__CFG_CP1$OFF                        (abs)        000000
__CFG_CPB$OFF                        (abs)        000000
__CFG_CPD$OFF                        (abs)        000000
__CFG_CPUDIV$NOCLKDIV                (abs)        000000
__CFG_EBTR0$OFF                      (abs)        000000
__CFG_EBTR1$OFF                      (abs)        000000
__CFG_EBTRB$OFF                      (abs)        000000
__CFG_FCMEN$OFF                      (abs)        000000
__CFG_FOSC$IRCCLKOUT                 (abs)        000000
__CFG_HFOFST$OFF                     (abs)        000000
__CFG_IESO$ON                        (abs)        000000
__CFG_LVP$ON                         (abs)        000000
__CFG_MCLRE$ON                       (abs)        000000
__CFG_PCLKEN$ON                      (abs)        000000
__CFG_PLLEN$ON                       (abs)        000000
__CFG_PWRTEN$ON                      (abs)        000000
__CFG_STVREN$ON                      (abs)        000000
__CFG_USBDIV$OFF                     (abs)        000000
__CFG_WDTEN$OFF                      (abs)        000000
__CFG_WDTPS$32768                    (abs)        000000
__CFG_WRT0$OFF                       (abs)        000000
__CFG_WRT1$OFF                       (abs)        000000
__CFG_WRTB$OFF                       (abs)        000000
__CFG_WRTC$OFF                       (abs)        000000
__CFG_WRTD$OFF                       (abs)        000000
__CFG_XINST$OFF                      (abs)        000000
__HRAM                               (abs)        000000
__Habs1                              abs1         000000
__Hbank0                             bank0        000000
__Hbank2                             bank2        000000
__Hbigbss                            bigbss       000000
__Hbigdata                           bigdata      000000
__Hbigram                            bigram       000000
__Hbss                               bss          000000
__HbssCOMRAM                         bssCOMRAM    000000
__Hcinit                             cinit        000000
__Hclrtext                           clrtext      000000
__Hcomram                            comram       000000
__Hconfig                            config       30000E
__Hconst                             const        000000
__HcstackBANK0                       cstackBANK0  000000
__HcstackCOMRAM                      cstackCOMRAM 000000
__Hdata                              data         000000
__Heeprom_data                       eeprom_data  000000
__Hfarbss                            farbss       000000
__Hfardata                           fardata      000000
__Hibigdata                          ibigdata     000000
__Hidata                             idata        000000
__Hidloc                             idloc        200008
__Hifardata                          ifardata     000000
__Hinit                              init         0000CE
__Hintcode                           intcode      0000CA
__Hintcode_body                      intcode_body 000000
__Hintcodelo                         intcodelo    0000CA
__Hintentry                          intentry     000000
__Hintret                            intret       000000
__Hintsave_regs                      intsave_regs 000000
__Hirdata                            irdata       000000
__Hmediumconst                       mediumconst  000000
__HnvFARRAM                          nvFARRAM     000000
__Hnvbit                             nvbit        000000
__Hnvrram                            nvrram       000000
__Hparam                             rparam       000000
__Hpowerup                           powerup      0000CA
__Hram                               ram          000000
__Hramtop                            ramtop       000300
__Hrbit                              rbit         000000
__Hrbss                              rbss         000000
__Hrdata                             rdata        000000
__Hreset_vec                         reset_vec    000004
__Hrparam                            rparam       000000
__Hsfr                               sfr          000000
__Hsmallconst                        smallconst   00033E
__Hspace_0                           (abs)        30000E
__Hspace_1                           (abs)        00006C
__Hspace_2                           (abs)        000000
__Hstack                             stack        000000
__Hstruct                            struct       000000
__Htemp                              temp         00004E
__Htext                              text         000000
__Htext0                             text0        000000
__Htext1                             text1        000000
__Htext10                            text10       000000
__Htext11                            text11       000000
__Htext12                            text12       000000
__Htext13                            text13       000000
__Htext14                            text14       000000
__Htext15                            text15       000000
__Htext16                            text16       000000
__Htext18                            text18       000000
__Htext19                            text19       000000
__Htext2                             text2        000000
__Htext20                            text20       000000
__Htext3                             text3        000000
__Htext4                             text4        000000
__Htext5                             text5        000000
__Htext6                             text6        000000
__Htext7                             text7        000000
__Htext8                             text8        000000
__Htext9                             text9        000000
__LRAM                               (abs)        000001
__Labs1                              abs1         000000
__Lbank0                             bank0        000000
__Lbank2                             bank2        000000
__Lbigbss                            bigbss       000000
__Lbigdata                           bigdata      000000
__Lbigram                            bigram       000000
__Lbss                               bss          000000
__LbssCOMRAM                         bssCOMRAM    000000
__Lcinit                             cinit        000000
__Lclrtext                           clrtext      000000
__Lcomram                            comram       000000
__Lconfig                            config       300000
__Lconst                             const        000000
__LcstackBANK0                       cstackBANK0  000000
__LcstackCOMRAM                      cstackCOMRAM 000000
__Ldata                              data         000000
__Leeprom_data                       eeprom_data  000000
__Lfarbss                            farbss       000000
__Lfardata                           fardata      000000
__Libigdata                          ibigdata     000000
__Lidata                             idata        000000
__Lidloc                             idloc        200000
__Lifardata                          ifardata     000000
__Linit                              init         0000CA
__Lintcode                           intcode      000008
__Lintcode_body                      intcode_body 000000
__Lintcodelo                         intcodelo    0000CA
__Lintentry                          intentry     000000
__Lintret                            intret       000000
__Lintsave_regs                      intsave_regs 000000
__Lirdata                            irdata       000000
__Lmediumconst                       mediumconst  000000
__LnvFARRAM                          nvFARRAM     000000
__Lnvbit                             nvbit        000000
__Lnvrram                            nvrram       000000
__Lparam                             rparam       000000
__Lpowerup                           powerup      0000CA
__Lram                               ram          000000
__Lramtop                            ramtop       000300
__Lrbit                              rbit         000000
__Lrbss                              rbss         000000
__Lrdata                             rdata        000000
__Lreset_vec                         reset_vec    000000
__Lrparam                            rparam       000000
__Lsfr                               sfr          000000
__Lsmallconst                        smallconst   000300
__Lspace_0                           (abs)        000000
__Lspace_1                           (abs)        000000
__Lspace_2                           (abs)        000000
__Lstack                             stack        000000
__Lstruct                            struct       000000
__Ltemp                              temp         00004D
__Ltext                              text         000000
__Ltext0                             text0        000000
__Ltext1                             text1        000000
__Ltext10                            text10       000000
__Ltext11                            text11       000000
__Ltext12                            text12       000000
__Ltext13                            text13       000000
__Ltext14                            text14       000000
__Ltext15                            text15       000000
__Ltext16                            text16       000000
__Ltext18                            text18       000000
__Ltext19                            text19       000000
__Ltext2                             text2        000000
__Ltext20                            text20       000000
__Ltext3                             text3        000000
__Ltext4                             text4        000000
__Ltext5                             text5        000000
__Ltext6                             text6        000000
__Ltext7                             text7        000000
__Ltext8                             text8        000000
__Ltext9                             text9        000000
__S0                                 (abs)        30000E
__S1                                 (abs)        00006C
__S2                                 (abs)        000000
___awtoft                            text8        000862
___awtoft@c                          cstackCOMRAM 00001B
___awtoft@sign                       cstackCOMRAM 00001E
___ftmul                             text7        000554
___ftmul@cntr                        cstackCOMRAM 00002C
___ftmul@exp                         cstackCOMRAM 000028
___ftmul@f1                          cstackCOMRAM 00001F
___ftmul@f2                          cstackCOMRAM 000022
___ftmul@f3_as_product               cstackCOMRAM 000029
___ftmul@sign                        cstackCOMRAM 00002D
___ftpack                            text9        000648
___ftpack@arg                        cstackCOMRAM 000013
___ftpack@exp                        cstackCOMRAM 000016
___ftpack@sign                       cstackCOMRAM 000017
___fttol                             text6        00045C
___fttol@exp1                        cstackBANK0  000065
___fttol@f1                          cstackCOMRAM 00002E
___fttol@lval                        cstackBANK0  000061
___fttol@sign1                       cstackBANK0  000060
___inthi_sp                          stack        000000
___intlo_sp                          stack        000000
___lwdiv                             text5        000794
___lwdiv@counter                     cstackCOMRAM 000017
___lwdiv@dividend                    cstackCOMRAM 000013
___lwdiv@divisor                     cstackCOMRAM 000015
___lwdiv@quotient                    cstackCOMRAM 000018
___lwmod                             text4        0007E6
___lwmod@counter                     cstackCOMRAM 00001E
___lwmod@dividend                    cstackCOMRAM 00001A
___lwmod@divisor                     cstackCOMRAM 00001C
___param_bank                        (abs)        000000
___rparam_used                       (abs)        000001
___sp                                stack        000000
__accesstop                          (abs)        000060
__activetblptr                       (abs)        000002
__end_of_ADC_GetConversion           text16       0008D2
__end_of_ADC_ISR                     text20       0009EC
__end_of_ADC_Initialize              text14       0009BA
__end_of_ADC_StartConversion         text15       0009E8
__end_of_EUSART_Initialize           text13       000906
__end_of_EUSART_Receive_ISR          text19       000960
__end_of_EUSART_Transmit_ISR         text18       000934
__end_of_EUSART_Write                text3        000862
__end_of_INTERRUPT_InterruptManager  intcode      0000CA
__end_of_OSCILLATOR_Initialize       text12       0009DA
__end_of_PIN_MANAGER_Initialize      text11       000988
__end_of_SYSTEM_Initialize           text10       0009CC
__end_of___awtoft                    text8        00089A
__end_of___ftmul                     text7        000648
__end_of___ftpack                    text9        0006F6
__end_of___fttol                     text6        000554
__end_of___lwdiv                     text5        0007E6
__end_of___lwmod                     text4        000828
__end_of__initialization             cinit        000994
__end_of_dpowers                     smallconst   00030B
__end_of_main                        text0        000794
__end_of_printf                      text1        00045C
__end_of_putch                       text2        0009E4
__initialization                     cinit        000988
__mediumconst                        mediumconst  000000
__pbssCOMRAM                         bssCOMRAM    000037
__pcinit                             cinit        000988
__pcstackBANK0                       cstackBANK0  000060
__pcstackCOMRAM                      cstackCOMRAM 000001
__pintcode                           intcode      000008
__psmallconst                        smallconst   000300
__ptext0                             text0        0006F6
__ptext1                             text1        00033E
__ptext10                            text10       0009BA
__ptext11                            text11       000960
__ptext12                            text12       0009CC
__ptext13                            text13       0008D2
__ptext14                            text14       0009A2
__ptext15                            text15       0009E4
__ptext16                            text16       00089A
__ptext18                            text18       000906
__ptext19                            text19       000934
__ptext2                             text2        0009DA
__ptext20                            text20       0009E8
__ptext3                             text3        000828
__ptext4                             text4        0007E6
__ptext5                             text5        000794
__ptext6                             text6        00045C
__ptext7                             text7        000554
__ptext8                             text8        000862
__ptext9                             text9        000648
__ramtop                             ramtop       000300
__size_of_ADC_GetConversion          (abs)        000000
__size_of_ADC_ISR                    (abs)        000000
__size_of_ADC_Initialize             (abs)        000000
__size_of_ADC_StartConversion        (abs)        000000
__size_of_EUSART_Initialize          (abs)        000000
__size_of_EUSART_Receive_ISR         (abs)        000000
__size_of_EUSART_Transmit_ISR        (abs)        000000
__size_of_EUSART_Write               (abs)        000000
__size_of_INTERRUPT_InterruptManager (abs)        000000
__size_of_OSCILLATOR_Initialize      (abs)        000000
__size_of_PIN_MANAGER_Initialize     (abs)        000000
__size_of_SYSTEM_Initialize          (abs)        000000
__size_of___awtoft                   (abs)        000000
__size_of___ftmul                    (abs)        000000
__size_of___ftpack                   (abs)        000000
__size_of___fttol                    (abs)        000000
__size_of___lwdiv                    (abs)        000000
__size_of___lwmod                    (abs)        000000
__size_of_main                       (abs)        000000
__size_of_printf                     (abs)        000000
__size_of_putch                      (abs)        000000
__smallconst                         smallconst   000300
_dpowers                             smallconst   000301
_eusartRxBuffer                      bssCOMRAM    000037
_eusartRxCount                       bssCOMRAM    000047
_eusartRxHead                        bssCOMRAM    000049
_eusartRxTail                        bssCOMRAM    000048
_eusartTxBuffer                      bssCOMRAM    00003F
_eusartTxBufferRemaining             bssCOMRAM    00004A
_eusartTxHead                        bssCOMRAM    00004C
_eusartTxTail                        bssCOMRAM    00004B
_main                                text0        0006F6
_printf                              text1        00033E
_putch                               text2        0009DA
btemp                                temp         00004D
end_of_initialization                cinit        000994
int$flags                            temp         00004D
intlevel0                            text         000000
intlevel1                            text         000000
intlevel2                            text         000000
intlevel3                            text         000000
main@adc                             cstackBANK0  00006A
main@temp                            cstackBANK0  000068
printf@ap                            cstackCOMRAM 000024
printf@c                             cstackCOMRAM 00002A
printf@f                             cstackCOMRAM 00001F
printf@flag                          cstackCOMRAM 000026
printf@prec                          cstackCOMRAM 000027
printf@val                           cstackCOMRAM 000028
putch@txData                         cstackCOMRAM 000014
stackhi                              (abs)        0002FF
stacklo                              (abs)        000200
start                                init         0000CA
start_initialization                 cinit        000988
wtemp6                               temp         00004E


FUNCTION INFORMATION:

 *************** function _main *****************
 Defined at:
		line 8 in file "main.c"
 Parameters:    Size  Location     Type
		None
 Auto vars:     Size  Location     Type
  adc             2   10[BANK0 ] int 
  temp            2    8[BANK0 ] int 
  data            1    0        unsigned char 
 Return value:  Size  Location     Type
                  1    wreg      void 
 Registers used:
		wreg, fsr2l, fsr2h, status,2, status,0, tblptrl, tblptrh, tblptru, prodl, prodh, cstack
 Tracked objects:
		On entry : 
		On exit  : 
		Unchanged: 
 Data sizes:     COMRAM   BANK0   BANK2
      Params:         0       0       0
      Locals:         0       4       0
      Temps:          0       2       0
      Totals:         0       6       0
Total ram usage:        6 bytes
 Hardware stack levels required when called:    5
 This function calls:
		_ADC_GetConversion
		_ADC_StartConversion
		_SYSTEM_Initialize
		___awtoft
		___ftmul
		___fttol
		_printf
 This function is called by:
		Startup code after reset
 This function uses a non-reentrant model


 *************** function _printf *****************
 Defined at:
		line 464 in file "C:\Program Files (x86)\Microchip\xc8\v1.45\sources\common\doprnt.c"
 Parameters:    Size  Location     Type
  f               2   30[COMRAM] PTR const unsigned char 
		 -> STR_2(25), STR_1(25), 
 Auto vars:     Size  Location     Type
  tmpval          4    0        struct .
  cp              3    0        PTR const unsigned char 
  val             2   39[COMRAM] unsigned int 
  ap              2   35[COMRAM] PTR void [1]
		 -> ?_printf(2), 
  len             2    0        unsigned int 
  c               1   41[COMRAM] char 
  prec            1   38[COMRAM] char 
  flag            1   37[COMRAM] unsigned char 
 Return value:  Size  Location     Type
                  2   30[COMRAM] int 
 Registers used:
		wreg, fsr2l, fsr2h, status,2, status,0, tblptrl, tblptrh, tblptru, prodl, prodh, cstack
 Tracked objects:
		On entry : 
		On exit  : 
		Unchanged: 
 Data sizes:     COMRAM   BANK0   BANK2
      Params:         4       0       0
      Locals:         7       0       0
      Temps:          1       0       0
      Totals:        12       0       0
Total ram usage:       12 bytes
 Hardware stack levels used:    1
 Hardware stack levels required when called:    4
 This function calls:
		___lwdiv
		___lwmod
		_putch
 This function is called by:
		_main
 This function uses a non-reentrant model


 *************** function _putch *****************
 Defined at:
		line 128 in file "mcc_generated_files/eusart.c"
 Parameters:    Size  Location     Type
  txData          1    wreg     unsigned char 
 Auto vars:     Size  Location     Type
  txData          1   19[COMRAM] unsigned char 
 Return value:  Size  Location     Type
                  1    wreg      void 
 Registers used:
		wreg, fsr2l, fsr2h, status,2, status,0, prodl, prodh, cstack
 Tracked objects:
		On entry : 
		On exit  : 
		Unchanged: 
 Data sizes:     COMRAM   BANK0   BANK2
      Params:         0       0       0
      Locals:         1       0       0
      Temps:          0       0       0
      Totals:         1       0       0
Total ram usage:        1 bytes
 Hardware stack levels used:    1
 Hardware stack levels required when called:    3
 This function calls:
		_EUSART_Write
 This function is called by:
		_printf
 This function uses a non-reentrant model


 *************** function _EUSART_Write *****************
 Defined at:
		line 65 in file "mcc_generated_files/eusart.c"
 Parameters:    Size  Location     Type
  txData          1    wreg     unsigned char 
 Auto vars:     Size  Location     Type
  txData          1   18[COMRAM] unsigned char 
 Return value:  Size  Location     Type
                  1    wreg      void 
 Registers used:
		wreg, fsr2l, fsr2h, status,2, status,0, prodl, prodh
 Tracked objects:
		On entry : 
		On exit  : 
		Unchanged: 
 Data sizes:     COMRAM   BANK0   BANK2
      Params:         0       0       0
      Locals:         1       0       0
      Temps:          0       0       0
      Totals:         1       0       0
Total ram usage:        1 bytes
 Hardware stack levels used:    1
 Hardware stack levels required when called:    2
 This function calls:
		Nothing
 This function is called by:
		_putch
 This function uses a non-reentrant model


 *************** function ___lwmod *****************
 Defined at:
		line 8 in file "C:\Program Files (x86)\Microchip\xc8\v1.45\sources\common\lwmod.c"
 Parameters:    Size  Location     Type
  dividend        2   25[COMRAM] unsigned int 
  divisor         2   27[COMRAM] unsigned int 
 Auto vars:     Size  Location     Type
  counter         1   29[COMRAM] unsigned char 
 Return value:  Size  Location     Type
                  2   25[COMRAM] unsigned int 
 Registers used:
		wreg, status,2, status,0
 Tracked objects:
		On entry : 
		On exit  : 
		Unchanged: 
 Data sizes:     COMRAM   BANK0   BANK2
      Params:         4       0       0
      Locals:         1       0       0
      Temps:          0       0       0
      Totals:         5       0       0
Total ram usage:        5 bytes
 Hardware stack levels used:    1
 Hardware stack levels required when called:    2
 This function calls:
		Nothing
 This function is called by:
		_printf
 This function uses a non-reentrant model


 *************** function ___lwdiv *****************
 Defined at:
		line 8 in file "C:\Program Files (x86)\Microchip\xc8\v1.45\sources\common\lwdiv.c"
 Parameters:    Size  Location     Type
  dividend        2   18[COMRAM] unsigned int 
  divisor         2   20[COMRAM] unsigned int 
 Auto vars:     Size  Location     Type
  quotient        2   23[COMRAM] unsigned int 
  counter         1   22[COMRAM] unsigned char 
 Return value:  Size  Location     Type
                  2   18[COMRAM] unsigned int 
 Registers used:
		wreg, status,2, status,0
 Tracked objects:
		On entry : 
		On exit  : 
		Unchanged: 
 Data sizes:     COMRAM   BANK0   BANK2
      Params:         4       0       0
      Locals:         3       0       0
      Temps:          0       0       0
      Totals:         7       0       0
Total ram usage:        7 bytes
 Hardware stack levels used:    1
 Hardware stack levels required when called:    2
 This function calls:
		Nothing
 This function is called by:
		_printf
 This function uses a non-reentrant model


 *************** function ___fttol *****************
 Defined at:
		line 44 in file "C:\Program Files (x86)\Microchip\xc8\v1.45\sources\common\fttol.c"
 Parameters:    Size  Location     Type
  f1              3   45[COMRAM] float 
 Auto vars:     Size  Location     Type
  lval            4    1[BANK0 ] unsigned long 
  exp1            1    5[BANK0 ] unsigned char 
  sign1           1    0[BANK0 ] unsigned char 
 Return value:  Size  Location     Type
                  4   45[COMRAM] long 
 Registers used:
		wreg, status,2, status,0
 Tracked objects:
		On entry : 
		On exit  : 
		Unchanged: 
 Data sizes:     COMRAM   BANK0   BANK2
      Params:         4       0       0
      Locals:         0       6       0
      Temps:          5       0       0
      Totals:         9       6       0
Total ram usage:       15 bytes
 Hardware stack levels used:    1
 Hardware stack levels required when called:    2
 This function calls:
		Nothing
 This function is called by:
		_main
 This function uses a non-reentrant model


 *************** function ___ftmul *****************
 Defined at:
		line 62 in file "C:\Program Files (x86)\Microchip\xc8\v1.45\sources\common\ftmul.c"
 Parameters:    Size  Location     Type
  f1              3   30[COMRAM] float 
  f2              3   33[COMRAM] float 
 Auto vars:     Size  Location     Type
  f3_as_produc    3   40[COMRAM] unsigned um
  sign            1   44[COMRAM] unsigned char 
  cntr            1   43[COMRAM] unsigned char 
  exp             1   39[COMRAM] unsigned char 
 Return value:  Size  Location     Type
                  3   30[COMRAM] float 
 Registers used:
		wreg, status,2, status,0, cstack
 Tracked objects:
		On entry : 
		On exit  : 
		Unchanged: 
 Data sizes:     COMRAM   BANK0   BANK2
      Params:         6       0       0
      Locals:         6       0       0
      Temps:          3       0       0
      Totals:        15       0       0
Total ram usage:       15 bytes
 Hardware stack levels used:    1
 Hardware stack levels required when called:    3
 This function calls:
		___ftpack
 This function is called by:
		_main
 This function uses a non-reentrant model


 *************** function ___awtoft *****************
 Defined at:
		line 32 in file "C:\Program Files (x86)\Microchip\xc8\v1.45\sources\common\awtoft.c"
 Parameters:    Size  Location     Type
  c               2   26[COMRAM] int 
 Auto vars:     Size  Location     Type
  sign            1   29[COMRAM] unsigned char 
 Return value:  Size  Location     Type
                  3   26[COMRAM] float 
 Registers used:
		wreg, status,2, status,0, cstack
 Tracked objects:
		On entry : 
		On exit  : 
		Unchanged: 
 Data sizes:     COMRAM   BANK0   BANK2
      Params:         3       0       0
      Locals:         1       0       0
      Temps:          0       0       0
      Totals:         4       0       0
Total ram usage:        4 bytes
 Hardware stack levels used:    1
 Hardware stack levels required when called:    3
 This function calls:
		___ftpack
 This function is called by:
		_main
 This function uses a non-reentrant model


 *************** function ___ftpack *****************
 Defined at:
		line 62 in file "C:\Program Files (x86)\Microchip\xc8\v1.45\sources\common\float.c"
 Parameters:    Size  Location     Type
  arg             3   18[COMRAM] unsigned um
  exp             1   21[COMRAM] unsigned char 
  sign            1   22[COMRAM] unsigned char 
 Auto vars:     Size  Location     Type
		None
 Return value:  Size  Location     Type
                  3   18[COMRAM] float 
 Registers used:
		wreg, status,2, status,0
 Tracked objects:
		On entry : 
		On exit  : 
		Unchanged: 
 Data sizes:     COMRAM   BANK0   BANK2
      Params:         5       0       0
      Locals:         0       0       0
      Temps:          3       0       0
      Totals:         8       0       0
Total ram usage:        8 bytes
 Hardware stack levels used:    1
 Hardware stack levels required when called:    2
 This function calls:
		Nothing
 This function is called by:
		___awtoft
		___ftmul
 This function uses a non-reentrant model


 *************** function _SYSTEM_Initialize *****************
 Defined at:
		line 58 in file "mcc_generated_files/mcc.c"
 Parameters:    Size  Location     Type
		None
 Auto vars:     Size  Location     Type
		None
 Return value:  Size  Location     Type
                  1    wreg      void 
 Registers used:
		wreg, status,2, cstack
 Tracked objects:
		On entry : 
		On exit  : 
		Unchanged: 
 Data sizes:     COMRAM   BANK0   BANK2
      Params:         0       0       0
      Locals:         0       0       0
      Temps:          0       0       0
      Totals:         0       0       0
Total ram usage:        0 bytes
 Hardware stack levels used:    1
 Hardware stack levels required when called:    3
 This function calls:
		_ADC_Initialize
		_EUSART_Initialize
		_OSCILLATOR_Initialize
		_PIN_MANAGER_Initialize
 This function is called by:
		_main
 This function uses a non-reentrant model


 *************** function _PIN_MANAGER_Initialize *****************
 Defined at:
		line 8 in file "mcc_generated_files/pin_manager.c"
 Parameters:    Size  Location     Type
		None
 Auto vars:     Size  Location     Type
		None
 Return value:  Size  Location     Type
                  1    wreg      void 
 Registers used:
		wreg, status,2
 Tracked objects:
		On entry : 
		On exit  : 
		Unchanged: 
 Data sizes:     COMRAM   BANK0   BANK2
      Params:         0       0       0
      Locals:         0       0       0
      Temps:          0       0       0
      Totals:         0       0       0
Total ram usage:        0 bytes
 Hardware stack levels used:    1
 Hardware stack levels required when called:    2
 This function calls:
		Nothing
 This function is called by:
		_SYSTEM_Initialize
 This function uses a non-reentrant model


 *************** function _OSCILLATOR_Initialize *****************
 Defined at:
		line 65 in file "mcc_generated_files/mcc.c"
 Parameters:    Size  Location     Type
		None
 Auto vars:     Size  Location     Type
		None
 Return value:  Size  Location     Type
                  1    wreg      void 
 Registers used:
		wreg, status,2
 Tracked objects:
		On entry : 
		On exit  : 
		Unchanged: 
 Data sizes:     COMRAM   BANK0   BANK2
      Params:         0       0       0
      Locals:         0       0       0
      Temps:          0       0       0
      Totals:         0       0       0
Total ram usage:        0 bytes
 Hardware stack levels used:    1
 Hardware stack levels required when called:    2
 This function calls:
		Nothing
 This function is called by:
		_SYSTEM_Initialize
 This function uses a non-reentrant model


 *************** function _EUSART_Initialize *****************
 Defined at:
		line 15 in file "mcc_generated_files/eusart.c"
 Parameters:    Size  Location     Type
		None
 Auto vars:     Size  Location     Type
		None
 Return value:  Size  Location     Type
                  1    wreg      void 
 Registers used:
		wreg, status,2
 Tracked objects:
		On entry : 
		On exit  : 
		Unchanged: 
 Data sizes:     COMRAM   BANK0   BANK2
      Params:         0       0       0
      Locals:         0       0       0
      Temps:          0       0       0
      Totals:         0       0       0
Total ram usage:        0 bytes
 Hardware stack levels used:    1
 Hardware stack levels required when called:    2
 This function calls:
		Nothing
 This function is called by:
		_SYSTEM_Initialize
 This function uses a non-reentrant model


 *************** function _ADC_Initialize *****************
 Defined at:
		line 10 in file "mcc_generated_files/adc.c"
 Parameters:    Size  Location     Type
		None
 Auto vars:     Size  Location     Type
		None
 Return value:  Size  Location     Type
                  1    wreg      void 
 Registers used:
		wreg, status,2
 Tracked objects:
		On entry : 
		On exit  : 
		Unchanged: 
 Data sizes:     COMRAM   BANK0   BANK2
      Params:         0       0       0
      Locals:         0       0       0
      Temps:          0       0       0
      Totals:         0       0       0
Total ram usage:        0 bytes
 Hardware stack levels used:    1
 Hardware stack levels required when called:    2
 This function calls:
		Nothing
 This function is called by:
		_SYSTEM_Initialize
 This function uses a non-reentrant model


 *************** function _ADC_StartConversion *****************
 Defined at:
		line 33 in file "mcc_generated_files/adc.c"
 Parameters:    Size  Location     Type
		None
 Auto vars:     Size  Location     Type
		None
 Return value:  Size  Location     Type
                  1    wreg      void 
 Registers used:
		None
 Tracked objects:
		On entry : 
		On exit  : 
		Unchanged: 
 Data sizes:     COMRAM   BANK0   BANK2
      Params:         0       0       0
      Locals:         0       0       0
      Temps:          0       0       0
      Totals:         0       0       0
Total ram usage:        0 bytes
 Hardware stack levels used:    1
 Hardware stack levels required when called:    2
 This function calls:
		Nothing
 This function is called by:
		_main
 This function uses a non-reentrant model


 *************** function _ADC_GetConversion *****************
 Defined at:
		line 51 in file "mcc_generated_files/adc.c"
 Parameters:    Size  Location     Type
  channel         1    wreg     enum E3327
 Auto vars:     Size  Location     Type
  channel         1   22[COMRAM] enum E3327
 Return value:  Size  Location     Type
                  2   18[COMRAM] unsigned int 
 Registers used:
		wreg, status,2, status,0
 Tracked objects:
		On entry : 
		On exit  : 
		Unchanged: 
 Data sizes:     COMRAM   BANK0   BANK2
      Params:         2       0       0
      Locals:         1       0       0
      Temps:          2       0       0
      Totals:         5       0       0
Total ram usage:        5 bytes
 Hardware stack levels used:    1
 Hardware stack levels required when called:    2
 This function calls:
		Nothing
 This function is called by:
		_main
 This function uses a non-reentrant model


 *************** function _INTERRUPT_InterruptManager *****************
 Defined at:
		line 51 in file "mcc_generated_files/interrupt_manager.c"
 Parameters:    Size  Location     Type
		None
 Auto vars:     Size  Location     Type
		None
 Return value:  Size  Location     Type
                  1    wreg      void 
 Registers used:
		wreg, fsr2l, fsr2h, status,2, status,0, prodl, prodh, cstack
 Tracked objects:
		On entry : 
		On exit  : 
		Unchanged: 
 Data sizes:     COMRAM   BANK0   BANK2
      Params:         0       0       0
      Locals:         0       0       0
      Temps:         18       0       0
      Totals:        18       0       0
Total ram usage:       18 bytes
 Hardware stack levels used:    1
 Hardware stack levels required when called:    1
 This function calls:
		_ADC_ISR
		_EUSART_Receive_ISR
		_EUSART_Transmit_ISR
 This function is called by:
		Interrupt level 2
 This function uses a non-reentrant model


 *************** function _EUSART_Transmit_ISR *****************
 Defined at:
		line 87 in file "mcc_generated_files/eusart.c"
 Parameters:    Size  Location     Type
		None
 Auto vars:     Size  Location     Type
		None
 Return value:  Size  Location     Type
                  1    wreg      void 
 Registers used:
		wreg, fsr2l, fsr2h, status,2, status,0, prodl, prodh
 Tracked objects:
		On entry : 
		On exit  : 
		Unchanged: 
 Data sizes:     COMRAM   BANK0   BANK2
      Params:         0       0       0
      Locals:         0       0       0
      Temps:          0       0       0
      Totals:         0       0       0
Total ram usage:        0 bytes
 Hardware stack levels used:    1
 This function calls:
		Nothing
 This function is called by:
		_INTERRUPT_InterruptManager
 This function uses a non-reentrant model


 *************** function _EUSART_Receive_ISR *****************
 Defined at:
		line 104 in file "mcc_generated_files/eusart.c"
 Parameters:    Size  Location     Type
		None
 Auto vars:     Size  Location     Type
		None
 Return value:  Size  Location     Type
                  1    wreg      void 
 Registers used:
		wreg, fsr2l, fsr2h, status,2, status,0, prodl, prodh
 Tracked objects:
		On entry : 
		On exit  : 
		Unchanged: 
 Data sizes:     COMRAM   BANK0   BANK2
      Params:         0       0       0
      Locals:         0       0       0
      Temps:          0       0       0
      Totals:         0       0       0
Total ram usage:        0 bytes
 Hardware stack levels used:    1
 This function calls:
		Nothing
 This function is called by:
		_INTERRUPT_InterruptManager
 This function uses a non-reentrant model


 *************** function _ADC_ISR *****************
 Defined at:
		line 74 in file "mcc_generated_files/adc.c"
 Parameters:    Size  Location     Type
		None
 Auto vars:     Size  Location     Type
		None
 Return value:  Size  Location     Type
                  1    wreg      void 
 Registers used:
		None
 Tracked objects:
		On entry : 
		On exit  : 
		Unchanged: 
 Data sizes:     COMRAM   BANK0   BANK2
      Params:         0       0       0
      Locals:         0       0       0
      Temps:          0       0       0
      Totals:         0       0       0
Total ram usage:        0 bytes
 Hardware stack levels used:    1
 This function calls:
		Nothing
 This function is called by:
		_INTERRUPT_InterruptManager
 This function uses a non-reentrant model



MODULE INFORMATION

Module		Function		Class		Link	Load	Size
C:\Program Files (x86)\Microchip\xc8\v1.45\sources\common\float.c
		___ftpack      		CODE           	0648	0000	175

C:\Program Files (x86)\Microchip\xc8\v1.45\sources\common\float.c estimated size: 175

C:\Program Files (x86)\Microchip\xc8\v1.45\sources\common\doprnt.c
		_printf        		CODE           	033E	0000	287

C:\Program Files (x86)\Microchip\xc8\v1.45\sources\common\doprnt.c estimated size: 287

mcc_generated_files/interrupt_manager.c
		_INTERRUPT_InterruptManager		CODE           	0008	0000	195

mcc_generated_files/interrupt_manager.c estimated size: 195

mcc_generated_files/pin_manager.c
		_PIN_MANAGER_Initialize		CODE           	0960	0000	41

mcc_generated_files/pin_manager.c estimated size: 41

C:\Program Files (x86)\Microchip\xc8\v1.45\sources\common\lwmod.c
		___lwmod       		CODE           	07E6	0000	67

C:\Program Files (x86)\Microchip\xc8\v1.45\sources\common\lwmod.c estimated size: 67

C:\Program Files (x86)\Microchip\xc8\v1.45\sources\common\ftmul.c
		___ftmul       		CODE           	0554	0000	245

C:\Program Files (x86)\Microchip\xc8\v1.45\sources\common\ftmul.c estimated size: 245

mcc_generated_files/adc.c
		_ADC_Initialize		CODE           	09A2	0000	25
		_ADC_GetConversion		CODE           	089A	0000	57
		_ADC_StartConversion		CODE           	09E4	0000	5
		_ADC_ISR       		CODE           	09E8	0000	5

mcc_generated_files/adc.c estimated size: 92

shared
		_dpowers       		SMALLCONST     	0301	0000	11
		__initialization		CODE           	0988	0000	13

shared estimated size: 24

mcc_generated_files/mcc.c
		_OSCILLATOR_Initialize		CODE           	09CC	0000	15
		_SYSTEM_Initialize		CODE           	09BA	0000	19

mcc_generated_files/mcc.c estimated size: 34

C:\Program Files (x86)\Microchip\xc8\v1.45\sources\common\fttol.c
		___fttol       		CODE           	045C	0000	249

C:\Program Files (x86)\Microchip\xc8\v1.45\sources\common\fttol.c estimated size: 249

C:\Program Files (x86)\Microchip\xc8\v1.45\sources\common\awtoft.c
		___awtoft      		CODE           	0862	0000	57

C:\Program Files (x86)\Microchip\xc8\v1.45\sources\common\awtoft.c estimated size: 57

C:\Program Files (x86)\Microchip\xc8\v1.45\sources\common\lwdiv.c
		___lwdiv       		CODE           	0794	0000	83

C:\Program Files (x86)\Microchip\xc8\v1.45\sources\common\lwdiv.c estimated size: 83

mcc_generated_files/eusart.c
		_putch         		CODE           	09DA	0000	11
		_EUSART_Write  		CODE           	0828	0000	59
		_EUSART_Transmit_ISR		CODE           	0906	0000	47
		_EUSART_Initialize		CODE           	08D2	0000	53
		_EUSART_Receive_ISR		CODE           	0934	0000	45

mcc_generated_files/eusart.c estimated size: 215

main.c
		_main          		CODE           	06F6	0000	159

main.c estimated size: 159

